[debug] [2026-08-30T09:50:03.858Z] ----------------------------------------------------------------------
[debug] [2026-08-30T09:50:03.859Z] Command:       C:\Program Files\nodejs\node.exe C:\Users\User\AppData\Roaming\npm\node_modules\firebase-tools\lib\bin\firebase.js use --add
[debug] [2026-08-30T09:50:03.860Z] CLI Version:   15.28.2
[debug] [2026-08-30T09:50:03.860Z] Platform:      win32
[debug] [2026-08-30T09:50:03.860Z] Node Version:  v24.19.0
[debug] [2026-08-30T09:50:03.860Z] Detected Agent: unknown
[debug] [2026-08-30T09:50:03.860Z] Time:          Sun Aug 30 2026 11:50:03 GMT+0200 (Central European Summer Time)
[debug] [2026-08-30T09:50:03.860Z] ----------------------------------------------------------------------
[debug] 
[debug] [2026-08-30T09:50:04.005Z] > command requires scopes: ["email","openid","https://www.googleapis.com/auth/cloudplatformprojects.readonly","https://www.googleapis.com/auth/firebase","https://www.googleapis.com/auth/cloud-platform"]
[debug] [2026-08-30T09:50:04.005Z] > authorizing via signed-in user (ivaylov997@gmail.com)
[debug] [2026-08-30T09:50:04.015Z] Checked if tokens are valid: true, expires at: 1788084858024
[debug] [2026-08-30T09:50:04.015Z] Checked if tokens are valid: true, expires at: 1788084858024
[debug] [2026-08-30T09:50:04.016Z] >>> [apiv2][query] GET https://firebase.googleapis.com/v1beta1/projects pageSize=1000
[debug] [2026-08-30T09:50:04.721Z] <<< [apiv2][status] GET https://firebase.googleapis.com/v1beta1/projects 200
[debug] [2026-08-30T09:50:04.722Z] <<< [apiv2][body] GET https://firebase.googleapis.com/v1beta1/projects [omitted]
[debug] [2026-08-30T09:50:19.043Z] ExitPromptError: User force closed the prompt with SIGINT
    at Interface.sigint (C:\Users\User\AppData\Roaming\npm\node_modules\firebase-tools\node_modules\@inquirer\core\dist\commonjs\lib\create-prompt.js:101:37)
    at Interface.emit (node:events:509:28)
    at [_ttyWrite] [as _ttyWrite] (node:internal/readline/interface:1327:18)
    at ReadStream.onkeypress (node:internal/readline/interface:284:20)
    at ReadStream.emit (node:events:521:24)
    at emitKeys (node:internal/readline/utils:371:14)
    at emitKeys.next (<anonymous>)
    at ReadStream.onData (node:internal/readline/emitKeypressEvents:64:36)
    at ReadStream.emit (node:events:509:28)
    at addChunk (node:internal/streams/readable:563:12)
[error] 
[error] Error: An unexpected error has occurred.
